// Jest Snapshot v1, https://goo.gl/fbAQLP

exports[`Bank Edit Modal renders component 1`] = `
<Modal
  cancelText={
    <InjectIntl(InjectMassage)
      id="btn.cancel"
    />
  }
  confirmLoading={false}
  maskTransitionName="fade"
  okText={
    <InjectIntl(InjectMassage)
      id="btn.create"
    />
  }
  okType="primary"
  onCancel={[Function]}
  onOk={[Function]}
  title={
    <InjectIntl(InjectMassage)
      id="bank.modal.title"
    />
  }
  transitionName="zoom"
  visible={true}
  width={520}
>
  <Form
    colon={true}
    hideRequiredMark={false}
    layout="horizontal"
    onSubmit={[Function]}
  >
    <FormItem
      hasFeedback={false}
      label={
        <InjectIntl(InjectMassage)
          id="bank.modal.name"
        />
      }
    >
      <Input
        disabled={false}
        onChange={[Function]}
        placeholder="input bank name"
        type="text"
        value=""
      />
    </FormItem>
    <FormItem
      hasFeedback={false}
      label={
        <InjectIntl(InjectMassage)
          id="bank.modal.branch"
        />
      }
    >
      <Input
        disabled={false}
        onChange={[Function]}
        placeholder="input branch"
        type="text"
        value=""
      />
    </FormItem>
  </Form>
</Modal>
`;
